// Jest Snapshot v1, https://goo.gl/fbAQLP

exports[`EventItem should render value and unit if not empty \`value\` props. 1`] = `
<styled.li>
  <Link
    href=""
    onClick={[Function]}
  >
    <styled.div>
      <styled.span>
        test name
      </styled.span>
      <styled.div>
        test mock data
      </styled.div>
    </styled.div>
  </Link>
</styled.li>
`;
