// Jest Snapshot v1, https://goo.gl/fbAQLP

exports[`Performance should render without errors. 1`] = `
<div>
  <FormGroup
    label="Event"
  >
    <Field
      component={[Function]}
      name="performance[0].event"
    />
  </FormGroup>
  <FormGroup
    label="Value"
  >
    <Field
      component={[Function]}
      name="performance[0].value"
      type="text"
    />
  </FormGroup>
  <FormGroup
    label="Unit"
  >
    g
  </FormGroup>
  <FormGroup
    label="Set1"
  >
    <Field
      component={[Function]}
      name="performance[0].set1"
      type="text"
    />
  </FormGroup>
  <FormGroup
    label="Set2"
  >
    <Field
      component={[Function]}
      name="performance[0].set2"
      type="text"
    />
  </FormGroup>
  <FormGroup
    label="Set3"
  >
    <Field
      component={[Function]}
      name="performance[0].set3"
      type="text"
    />
  </FormGroup>
  <FormGroup
    label="Set4"
  >
    <Field
      component={[Function]}
      name="performance[0].set4"
      type="text"
    />
  </FormGroup>
  <FormGroup
    label="Set5"
  >
    <Field
      component={[Function]}
      name="performance[0].set5"
      type="text"
    />
  </FormGroup>
  <FormGroup
    label="Tot. / Vol."
  >
    0
     / 
    0
  </FormGroup>
  <FormGroup>
    <Button
      onClick={[Function]}
      value="Del"
    />
  </FormGroup>
</div>
`;
