// Jest Snapshot v1, https://goo.gl/fbAQLP

exports[`Performances should render without errors. 1`] = `
<FormGroup
  label="Perf."
>
  <Button
    onClick={[Function]}
    value="Add"
  />
  <div
    className="performance"
    key="0"
  >
    <div
      className="index"
    >
      #
      1
    </div>
    <Performance
      events={
        Array [
          Object {
            "id": "1",
            "name": "event",
          },
        ]
      }
      key="0"
      name="performances[0]"
      onDelete={[Function]}
      values={Object {}}
    />
  </div>
</FormGroup>
`;
