// Jest Snapshot v1, https://goo.gl/fbAQLP

exports[`PostItem should render without error. 1`] = `
<styled.li>
  <Link
    href=""
    onClick={[Function]}
  >
    <styled.div>
      <styled.span>
        2017-08-18
      </styled.span>
      <styled.span>
        Fri
      </styled.span>
      <styled.div>
        test
      </styled.div>
    </styled.div>
  </Link>
</styled.li>
`;
