// Jest Snapshot v1, https://goo.gl/fbAQLP

exports[`Renders without errors. 1`] = `
<Form
  onSubmit={[Function]}
>
  <FormGroup
    label="Workout Date"
  >
    <Field
      component={[Function]}
      name="workoutDate"
      type="date"
    />
  </FormGroup>
  <FieldArray
    component={[Function]}
    events={
      Array [
        Object {
          "id": "1",
          "name": "event-1",
        },
      ]
    }
    name="performances"
  />
  <FormGroup
    label="Remark"
  >
    <Field
      component={[Function]}
      name="remark"
      type="text"
    />
  </FormGroup>
  <styled.div>
    <Button
      color="primary"
      type="submit"
      value="Save"
    />
    <Button
      onClick={[Function]}
      value="List"
    />
  </styled.div>
</Form>
`;
