// Jest Snapshot v1, https://goo.gl/fbAQLP

exports[`Nav should render logout button if not empty \`user\` prop. 1`] = `
<nav
  className="nav"
>
  <div
    className="main"
  >
    <ul>
      <li>
        <NavLink
          activeClassName="active"
          ariaCurrent="true"
          exact={true}
          to="/"
        >
          Home
        </NavLink>
      </li>
      <li>
        <NavLink
          activeClassName="active"
          ariaCurrent="true"
          to="/events"
        >
          Events
        </NavLink>
      </li>
      <li>
        <NavLink
          activeClassName="active"
          ariaCurrent="true"
          to="/posts"
        >
          Posts
        </NavLink>
      </li>
    </ul>
  </div>
  <aside
    className="tool"
  >
    <a
      href=""
      onClick={[Function]}
    >
      Logout
    </a>
  </aside>
</nav>
`;
