// Jest Snapshot v1, https://goo.gl/fbAQLP

exports[`SearchForm should render without error. 1`] = `
<section
  className="sc-bZQynM iohwpc"
>
  <form
    onSubmit={[Function]}
  >
    <Field
      className="field"
      component="input"
      name="name"
      placeholder="Input search text."
      type="text"
    />
    <Button
      type="submit"
      value="Search"
    />
  </form>
</section>
`;
