// Jest Snapshot v1, https://goo.gl/fbAQLP

exports[`SearchForm should render without error. 1`] = `
<section>
  <Form
    onSubmit={[Function]}
  >
    <Field
      className="form-control"
      component="input"
      name="name"
      placeholder="Input search text."
      type="text"
    />
    <Button
      type="submit"
      value="Search"
    />
  </Form>
</section>
`;
